Found event log entry for history 1.
Processed 1 track(s).
