Found event log entry for history 1.
Processed 1 track(s).
Found event log entry for history 2.
Processed 1 track(s).
Found event log entry for history 3.
Processed 1 track(s).
Found event log entry for history 4.
Processed 1 track(s).
Found event log entry for history 5.
Processed 1 track(s).
Found event log entry for history 6.
Processed 1 track(s).
Found event log entry for history 7.
Processed 1 track(s).
Found event log entry for history 8.
Processed 10 track(s).
Found event log entry for history 9.
Processed 1 track(s).
Found event log entry for history 10.
Processed 6 track(s).
Found event log entry for history 11.
Processed 1 track(s).
Found event log entry for history 12.
Processed 4 track(s).
Found event log entry for history 13.
Processed 1 track(s).
Found event log entry for history 14.
Processed 1 track(s).
Found event log entry for history 15.
Processed 1 track(s).
Found event log entry for history 16.
Processed 12 track(s).
Found event log entry for history 17.
Processed 13 track(s).
Found event log entry for history 18.
Processed 6 track(s).
Found event log entry for history 19.
Processed 1 track(s).
Found event log entry for history 20.
Processed 1 track(s).
Found event log entry for history 21.
Processed 5 track(s).
Found event log entry for history 22.
Processed 1 track(s).
Found event log entry for history 23.
Processed 1 track(s).
Found event log entry for history 24.
Processed 1 track(s).
Found event log entry for history 25.
Processed 1 track(s).
Found event log entry for history 26.
Processed 1 track(s).
Found event log entry for history 27.
Processed 4 track(s).
Found event log entry for history 28.
Processed 4 track(s).
Found event log entry for history 29.
Processed 1 track(s).
Found event log entry for history 30.
Processed 7 track(s).
Found event log entry for history 31.
Processed 1 track(s).
Found event log entry for history 32.
Processed 4 track(s).
Found event log entry for history 33.
Processed 1 track(s).
Found event log entry for history 34.
Processed 4 track(s).
Found event log entry for history 35.
WARNING: History printing aborted early due to length limitation.  Removing truncated track.
Processed 16 track(s).
