Found event log entry for history 1.
Processed 1 track(s).
Found event log entry for history 2.
Processed 1 track(s).
Found event log entry for history 3.
Processed 1 track(s).
Found event log entry for history 4.
Processed 1 track(s).
Found event log entry for history 5.
Processed 1 track(s).
Found event log entry for history 6.
Processed 1 track(s).
Found event log entry for history 7.
Processed 1 track(s).
Found event log entry for history 8.
Processed 1 track(s).
Found event log entry for history 9.
Processed 1 track(s).
Found event log entry for history 10.
Processed 1 track(s).
Found event log entry for history 11.
Processed 1 track(s).
Found event log entry for history 12.
Processed 1 track(s).
Found event log entry for history 13.
Processed 1 track(s).
Found event log entry for history 14.
Processed 1 track(s).
Found event log entry for history 15.
Processed 1 track(s).
Found event log entry for history 16.
Processed 1 track(s).
Found event log entry for history 17.
Processed 1 track(s).
Found event log entry for history 18.
Processed 1 track(s).
Found event log entry for history 19.
Processed 1 track(s).
Found event log entry for history 20.
Processed 1 track(s).
Found event log entry for history 21.
Processed 1 track(s).
Found event log entry for history 22.
Processed 1 track(s).
Found event log entry for history 23.
Processed 1 track(s).
Found event log entry for history 24.
Processed 1 track(s).
Found event log entry for history 25.
Processed 1 track(s).
Found event log entry for history 26.
Processed 1 track(s).
Found event log entry for history 27.
Processed 1 track(s).
Found event log entry for history 28.
Processed 1 track(s).
Found event log entry for history 29.
Processed 1 track(s).
Found event log entry for history 30.
Processed 1 track(s).
Found event log entry for history 31.
Processed 1 track(s).
Found event log entry for history 32.
Processed 1 track(s).
Found event log entry for history 33.
Processed 1 track(s).
Found event log entry for history 34.
Processed 1 track(s).
Found event log entry for history 35.
Processed 1 track(s).
Found event log entry for history 36.
Processed 1 track(s).
Found event log entry for history 37.
Processed 1 track(s).
Found event log entry for history 38.
Processed 1 track(s).
Found event log entry for history 39.
Processed 1 track(s).
Found event log entry for history 40.
Processed 1 track(s).
Found event log entry for history 41.
Processed 1 track(s).
Found event log entry for history 42.
Processed 1 track(s).
Found event log entry for history 43.
Processed 1 track(s).
Found event log entry for history 44.
Processed 1 track(s).
Found event log entry for history 45.
Processed 1 track(s).
Found event log entry for history 46.
Processed 1 track(s).
Found event log entry for history 47.
Processed 1 track(s).
Found event log entry for history 48.
Processed 1 track(s).
Found event log entry for history 49.
Processed 1 track(s).
Found event log entry for history 50.
Processed 1 track(s).
Found event log entry for history 51.
Processed 1 track(s).
Found event log entry for history 52.
Processed 1 track(s).
Found event log entry for history 53.
Processed 1 track(s).
Found event log entry for history 54.
Processed 1 track(s).
Found event log entry for history 55.
Processed 1 track(s).
Found event log entry for history 56.
Processed 1 track(s).
Found event log entry for history 57.
Processed 1 track(s).
Found event log entry for history 58.
Processed 1 track(s).
Found event log entry for history 59.
Processed 1 track(s).
Found event log entry for history 60.
Processed 1 track(s).
Found event log entry for history 61.
Processed 1 track(s).
Found event log entry for history 62.
Processed 1 track(s).
Found event log entry for history 63.
Processed 1 track(s).
Found event log entry for history 64.
Processed 1 track(s).
Found event log entry for history 65.
Processed 1 track(s).
Found event log entry for history 66.
Processed 1 track(s).
Found event log entry for history 67.
Processed 1 track(s).
Found event log entry for history 68.
Processed 1 track(s).
Found event log entry for history 69.
Processed 1 track(s).
Found event log entry for history 70.
Processed 1 track(s).
Found event log entry for history 71.
Processed 1 track(s).
Found event log entry for history 72.
Processed 1 track(s).
Found event log entry for history 73.
Processed 1 track(s).
Found event log entry for history 74.
Processed 1 track(s).
Found event log entry for history 75.
Processed 1 track(s).
Found event log entry for history 76.
Processed 1 track(s).
Found event log entry for history 77.
Processed 1 track(s).
Found event log entry for history 78.
Processed 1 track(s).
Found event log entry for history 79.
Processed 1 track(s).
Found event log entry for history 80.
Processed 1 track(s).
Found event log entry for history 81.
Processed 1 track(s).
Found event log entry for history 82.
Processed 1 track(s).
Found event log entry for history 83.
Processed 1 track(s).
Found event log entry for history 84.
Processed 1 track(s).
Found event log entry for history 85.
Processed 1 track(s).
Found event log entry for history 86.
Processed 1 track(s).
Found event log entry for history 87.
Processed 1 track(s).
Found event log entry for history 88.
Processed 1 track(s).
Found event log entry for history 89.
Processed 1 track(s).
Found event log entry for history 90.
Processed 1 track(s).
Found event log entry for history 91.
Processed 1 track(s).
Found event log entry for history 92.
Processed 1 track(s).
Found event log entry for history 93.
Processed 1 track(s).
Found event log entry for history 94.
Processed 1 track(s).
Found event log entry for history 95.
Processed 1 track(s).
Found event log entry for history 96.
Processed 1 track(s).
Found event log entry for history 97.
Processed 1 track(s).
Found event log entry for history 98.
Processed 1 track(s).
Found event log entry for history 99.
Processed 1 track(s).
Found event log entry for history 100.
Processed 1 track(s).
