Found event log entry for history 1.
Processed 11 track(s).
Found event log entry for history 2.
Processed 9 track(s).
